
> FF-ERP@0.1.0 typecheck:app
> tsc --noEmit

app/(dashboard)/dashboard/accounts/cash-bank/_actions/cash-bank-ledger.action.tsx(110,38): error TS2551: Property 'JournalEntryLine' does not exist on type 'PrismaClient<PrismaClientOptions, never, DefaultArgs>'. Did you mean 'journalEntryLine'?
app/(dashboard)/dashboard/accounts/cash-bank/_actions/cash-bank-ledger.action.tsx(179,26): error TS7006: Parameter 'line' implicitly has an 'any' type.
app/(dashboard)/dashboard/accounts/cash-bank/_actions/cash-bank-ledger.action.tsx(185,47): error TS7006: Parameter 'line' implicitly has an 'any' type.
app/(dashboard)/dashboard/accounts/cash-bank/_actions/cash-bank-ledger.action.tsx(369,38): error TS2551: Property 'JournalEntryLine' does not exist on type 'PrismaClient<PrismaClientOptions, never, DefaultArgs>'. Did you mean 'journalEntryLine'?
app/(dashboard)/dashboard/accounts/cash-bank/_actions/cash-bank-ledger.action.tsx(438,26): error TS7006: Parameter 'line' implicitly has an 'any' type.
app/(dashboard)/dashboard/accounts/cash-bank/_actions/cash-bank-ledger.action.tsx(444,47): error TS7006: Parameter 'line' implicitly has an 'any' type.
app/(dashboard)/dashboard/accounts/chart-of-accounts/_components/chart-of-accounts-form.tsx(30,5): error TS2353: Object literal may only specify known properties, and 'required_error' does not exist in type '{ error?: string | $ZodErrorMap<$ZodIssueInvalidValue<unknown>> | undefined; message?: string | undefined; }'.
app/(dashboard)/dashboard/accounts/ledgers/_actions/ledger.action.tsx(1261,20): error TS2551: Property 'journalEntry' does not exist on type '{ ChartOfAccount: { id: string; name: string; code: string; type: AccountType; }; JournalEntry: { Voucher: { id: string; description: string | null; type: VoucherType; status: string; voucherNumber: string; reference: string | null; }; } & { ...; }; } & { ...; }'. Did you mean 'JournalEntry'?
app/(dashboard)/dashboard/accounts/ledgers/_actions/ledger.action.tsx(1262,27): error TS2551: Property 'journalEntry' does not exist on type '{ ChartOfAccount: { id: string; name: string; code: string; type: AccountType; }; JournalEntry: { Voucher: { id: string; description: string | null; type: VoucherType; status: string; voucherNumber: string; reference: string | null; }; } & { ...; }; } & { ...; }'. Did you mean 'JournalEntry'?
app/(dashboard)/dashboard/accounts/ledgers/_actions/ledger.action.tsx(1263,47): error TS2551: Property 'journalEntry' does not exist on type '{ ChartOfAccount: { id: string; name: string; code: string; type: AccountType; }; JournalEntry: { Voucher: { id: string; description: string | null; type: VoucherType; status: string; voucherNumber: string; reference: string | null; }; } & { ...; }; } & { ...; }'. Did you mean 'JournalEntry'?
app/(dashboard)/dashboard/accounts/ledgers/_actions/ledger.action.tsx(1267,23): error TS2551: Property 'journalEntry' does not exist on type '{ ChartOfAccount: { id: string; name: string; code: string; type: AccountType; }; JournalEntry: { Voucher: { id: string; description: string | null; type: VoucherType; status: string; voucherNumber: string; reference: string | null; }; } & { ...; }; } & { ...; }'. Did you mean 'JournalEntry'?
app/(dashboard)/dashboard/accounts/ledgers/_actions/ledger.action.tsx(1269,24): error TS2551: Property 'journalEntry' does not exist on type '{ ChartOfAccount: { id: string; name: string; code: string; type: AccountType; }; JournalEntry: { Voucher: { id: string; description: string | null; type: VoucherType; status: string; voucherNumber: string; reference: string | null; }; } & { ...; }; } & { ...; }'. Did you mean 'JournalEntry'?
app/(dashboard)/dashboard/accounts/ledgers/_actions/ledger.action.tsx(1270,35): error TS2551: Property 'journalEntry' does not exist on type '{ ChartOfAccount: { id: string; name: string; code: string; type: AccountType; }; JournalEntry: { Voucher: { id: string; description: string | null; type: VoucherType; status: string; voucherNumber: string; reference: string | null; }; } & { ...; }; } & { ...; }'. Did you mean 'JournalEntry'?
app/(dashboard)/dashboard/accounts/ledgers/_actions/ledger.action.tsx(1271,26): error TS2551: Property 'journalEntry' does not exist on type '{ ChartOfAccount: { id: string; name: string; code: string; type: AccountType; }; JournalEntry: { Voucher: { id: string; description: string | null; type: VoucherType; status: string; voucherNumber: string; reference: string | null; }; } & { ...; }; } & { ...; }'. Did you mean 'JournalEntry'?
app/(dashboard)/dashboard/accounts/ledgers/_actions/ledger.action.tsx(1272,31): error TS2551: Property 'journalEntry' does not exist on type '{ ChartOfAccount: { id: string; name: string; code: string; type: AccountType; }; JournalEntry: { Voucher: { id: string; description: string | null; type: VoucherType; status: string; voucherNumber: string; reference: string | null; }; } & { ...; }; } & { ...; }'. Did you mean 'JournalEntry'?
app/(dashboard)/dashboard/accounts/ledgers/_actions/ledger.action.tsx(1273,33): error TS2551: Property 'journalEntry' does not exist on type '{ ChartOfAccount: { id: string; name: string; code: string; type: AccountType; }; JournalEntry: { Voucher: { id: string; description: string | null; type: VoucherType; status: string; voucherNumber: string; reference: string | null; }; } & { ...; }; } & { ...; }'. Did you mean 'JournalEntry'?
app/(dashboard)/dashboard/accounts/ledgers/_actions/ledger.action.tsx(1274,28): error TS2551: Property 'journalEntry' does not exist on type '{ ChartOfAccount: { id: string; name: string; code: string; type: AccountType; }; JournalEntry: { Voucher: { id: string; description: string | null; type: VoucherType; status: string; voucherNumber: string; reference: string | null; }; } & { ...; }; } & { ...; }'. Did you mean 'JournalEntry'?
app/(dashboard)/dashboard/accounts/ledgers/_actions/ledger.action.tsx(1278,20): error TS2551: Property 'chartOfAccount' does not exist on type '{ ChartOfAccount: { id: string; name: string; code: string; type: AccountType; }; JournalEntry: { Voucher: { id: string; description: string | null; type: VoucherType; status: string; voucherNumber: string; reference: string | null; }; } & { ...; }; } & { ...; }'. Did you mean 'ChartOfAccount'?
app/(dashboard)/dashboard/accounts/ledgers/_actions/ledger.action.tsx(1279,22): error TS2551: Property 'chartOfAccount' does not exist on type '{ ChartOfAccount: { id: string; name: string; code: string; type: AccountType; }; JournalEntry: { Voucher: { id: string; description: string | null; type: VoucherType; status: string; voucherNumber: string; reference: string | null; }; } & { ...; }; } & { ...; }'. Did you mean 'ChartOfAccount'?
app/(dashboard)/dashboard/accounts/ledgers/_actions/ledger.action.tsx(1280,22): error TS2551: Property 'chartOfAccount' does not exist on type '{ ChartOfAccount: { id: string; name: string; code: string; type: AccountType; }; JournalEntry: { Voucher: { id: string; description: string | null; type: VoucherType; status: string; voucherNumber: string; reference: string | null; }; } & { ...; }; } & { ...; }'. Did you mean 'ChartOfAccount'?
app/(dashboard)/dashboard/accounts/ledgers/_actions/ledger.action.tsx(1281,22): error TS2551: Property 'chartOfAccount' does not exist on type '{ ChartOfAccount: { id: string; name: string; code: string; type: AccountType; }; JournalEntry: { Voucher: { id: string; description: string | null; type: VoucherType; status: string; voucherNumber: string; reference: string | null; }; } & { ...; }; } & { ...; }'. Did you mean 'ChartOfAccount'?
app/(dashboard)/dashboard/accounts/periods/_actions/period.action.tsx(73,78): error TS2345: Argument of type '"lock"' is not assignable to parameter of type 'Operation'.
app/(dashboard)/dashboard/accounts/periods/_actions/period.action.tsx(118,80): error TS2345: Argument of type '"unlock"' is not assignable to parameter of type 'Operation'.
app/(dashboard)/dashboard/accounts/profit-loss/_components/profit-loss-view.tsx(103,26): error TS2559: Type 'string' has no properties in common with type 'CSVExportOptions'.
app/(dashboard)/dashboard/accounts/reports/_actions/ar-ap.action.tsx(241,13): error TS2322: Type 'string | null' is not assignable to type 'string'.
  Type 'null' is not assignable to type 'string'.
app/(dashboard)/dashboard/accounts/reports/_actions/ar-ap.action.tsx(282,9): error TS7053: Element implicitly has an 'any' type because expression of type 'string' can't be used to index type '{ "0-30": number; "31-60": number; "61-90": number; "90+": number; }'.
  No index signature with a parameter of type 'string' was found on type '{ "0-30": number; "31-60": number; "61-90": number; "90+": number; }'.
app/(dashboard)/dashboard/accounts/reports/_actions/ar-ap.action.tsx(282,38): error TS7053: Element implicitly has an 'any' type because expression of type 'string' can't be used to index type '{ "0-30": number; "31-60": number; "61-90": number; "90+": number; }'.
  No index signature with a parameter of type 'string' was found on type '{ "0-30": number; "31-60": number; "61-90": number; "90+": number; }'.
app/(dashboard)/dashboard/accounts/reports/_actions/ar-ap.action.tsx(516,13): error TS2322: Type 'string | null' is not assignable to type 'string'.
  Type 'null' is not assignable to type 'string'.
app/(dashboard)/dashboard/accounts/reports/_actions/ar-ap.action.tsx(557,9): error TS7053: Element implicitly has an 'any' type because expression of type 'string' can't be used to index type '{ "0-30": number; "31-60": number; "61-90": number; "90+": number; }'.
  No index signature with a parameter of type 'string' was found on type '{ "0-30": number; "31-60": number; "61-90": number; "90+": number; }'.
app/(dashboard)/dashboard/accounts/reports/_actions/ar-ap.action.tsx(557,40): error TS7053: Element implicitly has an 'any' type because expression of type 'string' can't be used to index type '{ "0-30": number; "31-60": number; "61-90": number; "90+": number; }'.
  No index signature with a parameter of type 'string' was found on type '{ "0-30": number; "31-60": number; "61-90": number; "90+": number; }'.
app/(dashboard)/dashboard/accounts/trial-balance/_components/trial-balance-view.tsx(102,7): error TS2554: Expected 1-2 arguments, but got 3.
app/(dashboard)/dashboard/accounts/vouchers/[id]/page.tsx(195,46): error TS7006: Parameter 'line' implicitly has an 'any' type.
app/(dashboard)/dashboard/accounts/vouchers/[id]/page.tsx(240,46): error TS7006: Parameter 'entry' implicitly has an 'any' type.
app/(dashboard)/dashboard/accounts/vouchers/[id]/page.tsx(268,57): error TS7006: Parameter 'line' implicitly has an 'any' type.
app/(dashboard)/dashboard/accounts/vouchers/_actions/voucher.action.tsx(1753,18): error TS2339: Property '$transaction' does not exist on type 'TransactionClient'.
app/(dashboard)/dashboard/accounts/vouchers/_actions/voucher.action.tsx(1753,38): error TS7006: Parameter 't' implicitly has an 'any' type.
app/(dashboard)/dashboard/accounts/vouchers/_actions/voucher.action.tsx(1795,9): error TS2353: Object literal may only specify known properties, and 'PayrollVoucher' does not exist in type 'VoucherInclude<DefaultArgs>'.
app/(dashboard)/dashboard/accounts/vouchers/_actions/voucher.action.tsx(1805,17): error TS2339: Property 'PayrollVoucher' does not exist on type '{ id: string; description: string | null; createdAt: Date; updatedAt: Date; type: VoucherType; status: string; createdBy: string; userId: string | null; clientId: string | null; ... 7 more ...; postedAt: Date | null; }'.
app/(dashboard)/dashboard/accounts/vouchers/_actions/voucher.action.tsx(1805,43): error TS2339: Property 'PayrollPaymentVoucher' does not exist on type '{ id: string; description: string | null; createdAt: Date; updatedAt: Date; type: VoucherType; status: string; createdBy: string; userId: string | null; clientId: string | null; ... 7 more ...; postedAt: Date | null; }'.
app/(dashboard)/dashboard/accounts/vouchers/_actions/voucher.action.tsx(1818,38): error TS2339: Property 'VoucherLine' does not exist on type '{ id: string; description: string | null; createdAt: Date; updatedAt: Date; type: VoucherType; status: string; createdBy: string; userId: string | null; clientId: string | null; ... 7 more ...; postedAt: Date | null; }'.
app/(dashboard)/dashboard/accounts/vouchers/_actions/voucher.action.tsx(1818,58): error TS7006: Parameter 'sum' implicitly has an 'any' type.
app/(dashboard)/dashboard/accounts/vouchers/_actions/voucher.action.tsx(1818,63): error TS7006: Parameter 'line' implicitly has an 'any' type.
app/(dashboard)/dashboard/accounts/vouchers/_actions/voucher.action.tsx(1819,39): error TS2339: Property 'VoucherLine' does not exist on type '{ id: string; description: string | null; createdAt: Date; updatedAt: Date; type: VoucherType; status: string; createdBy: string; userId: string | null; clientId: string | null; ... 7 more ...; postedAt: Date | null; }'.
app/(dashboard)/dashboard/accounts/vouchers/_actions/voucher.action.tsx(1819,59): error TS7006: Parameter 'sum' implicitly has an 'any' type.
app/(dashboard)/dashboard/accounts/vouchers/_actions/voucher.action.tsx(1819,64): error TS7006: Parameter 'line' implicitly has an 'any' type.
app/(dashboard)/dashboard/accounts/vouchers/_actions/voucher.action.tsx(1820,36): error TS2339: Property 'VoucherLine' does not exist on type '{ id: string; description: string | null; createdAt: Date; updatedAt: Date; type: VoucherType; status: string; createdBy: string; userId: string | null; clientId: string | null; ... 7 more ...; postedAt: Date | null; }'.
app/(dashboard)/dashboard/accounts/vouchers/_actions/voucher.action.tsx(1820,52): error TS7006: Parameter 'line' implicitly has an 'any' type.
app/(dashboard)/dashboard/accounts/vouchers/_actions/voucher.action.tsx(1840,29): error TS2339: Property 'VoucherLine' does not exist on type '{ id: string; description: string | null; createdAt: Date; updatedAt: Date; type: VoucherType; status: string; createdBy: string; userId: string | null; clientId: string | null; ... 7 more ...; postedAt: Date | null; }'.
app/(dashboard)/dashboard/accounts/vouchers/_components/voucher-form.tsx(54,5): error TS2353: Object literal may only specify known properties, and 'errorMap' does not exist in type '{ error?: string | $ZodErrorMap<$ZodIssueInvalidValue<unknown>> | undefined; message?: string | undefined; }'.
app/(dashboard)/dashboard/accounts/vouchers/_components/voucher-form.tsx(126,5): error TS2322: Type 'Resolver<{ date: string; type: "RETURN" | "DAMAGE" | "PAYMENT" | "RECEIPT" | "JOURNAL" | "CONTRA" | "SALES" | "PURCHASE"; lines: { chartOfAccountId: string; debitAmount?: number | undefined; creditAmount?: number | undefined; description?: string | undefined; }[]; reference?: string | undefined; description?: string...' is not assignable to type 'Resolver<{ date: string; type: "RETURN" | "DAMAGE" | "PAYMENT" | "RECEIPT" | "JOURNAL" | "CONTRA" | "SALES" | "PURCHASE"; lines: { chartOfAccountId: string; debitAmount: number; creditAmount: number; description?: string | undefined; }[]; reference?: string | undefined; description?: string | undefined; }, any, { .....'.
  Types of parameters 'options' and 'options' are incompatible.
    Type 'ResolverOptions<{ date: string; type: "RETURN" | "DAMAGE" | "PAYMENT" | "RECEIPT" | "JOURNAL" | "CONTRA" | "SALES" | "PURCHASE"; lines: { chartOfAccountId: string; debitAmount: number; creditAmount: number; description?: string | undefined; }[]; reference?: string | undefined; description?: string | undefined; }>' is not assignable to type 'ResolverOptions<{ date: string; type: "RETURN" | "DAMAGE" | "PAYMENT" | "RECEIPT" | "JOURNAL" | "CONTRA" | "SALES" | "PURCHASE"; lines: { chartOfAccountId: string; debitAmount?: number | undefined; creditAmount?: number | undefined; description?: string | undefined; }[]; reference?: string | undefined; description?:...'.
      Type '{ chartOfAccountId: string; debitAmount?: number | undefined; creditAmount?: number | undefined; description?: string | undefined; }[]' is not assignable to type '{ chartOfAccountId: string; debitAmount: number; creditAmount: number; description?: string | undefined; }[]'.
        Type '{ chartOfAccountId: string; debitAmount?: number | undefined; creditAmount?: number | undefined; description?: string | undefined; }' is not assignable to type '{ chartOfAccountId: string; debitAmount: number; creditAmount: number; description?: string | undefined; }'.
          Types of property 'debitAmount' are incompatible.
            Type 'number | undefined' is not assignable to type 'number'.
              Type 'undefined' is not assignable to type 'number'.
app/(dashboard)/dashboard/accounts/vouchers/_components/voucher-form.tsx(233,40): error TS2345: Argument of type '(data: VoucherFormData) => Promise<void>' is not assignable to parameter of type 'SubmitHandler<TFieldValues>'.
  Types of parameters 'data' and 'data' are incompatible.
    Type 'TFieldValues' is not assignable to type '{ date: string; type: "RETURN" | "DAMAGE" | "PAYMENT" | "RECEIPT" | "JOURNAL" | "CONTRA" | "SALES" | "PURCHASE"; lines: { chartOfAccountId: string; debitAmount: number; creditAmount: number; description?: string | undefined; }[]; reference?: string | undefined; description?: string | undefined; }'.
      Type 'FieldValues' is missing the following properties from type '{ date: string; type: "RETURN" | "DAMAGE" | "PAYMENT" | "RECEIPT" | "JOURNAL" | "CONTRA" | "SALES" | "PURCHASE"; lines: { chartOfAccountId: string; debitAmount: number; creditAmount: number; description?: string | undefined; }[]; reference?: string | undefined; description?: string | undefined; }': date, type, lines
app/(dashboard)/dashboard/accounts/vouchers/_components/voucher-form.tsx(420,49): error TS2339: Property 'setValue' does not exist on type 'Control<{ date: string; type: "RETURN" | "DAMAGE" | "PAYMENT" | "RECEIPT" | "JOURNAL" | "CONTRA" | "SALES" | "PURCHASE"; lines: { chartOfAccountId: string; debitAmount: number; creditAmount: number; description?: string | undefined; }[]; reference?: string | undefined; description?: string | undefined; }, any, TFiel...'.
app/(dashboard)/dashboard/accounts/vouchers/_components/voucher-form.tsx(449,49): error TS2339: Property 'setValue' does not exist on type 'Control<{ date: string; type: "RETURN" | "DAMAGE" | "PAYMENT" | "RECEIPT" | "JOURNAL" | "CONTRA" | "SALES" | "PURCHASE"; lines: { chartOfAccountId: string; debitAmount: number; creditAmount: number; description?: string | undefined; }[]; reference?: string | undefined; description?: string | undefined; }, any, TFiel...'.
app/(dashboard)/dashboard/accounts/vouchers/add/_components/receipt-payment-form.tsx(32,41): error TS2307: Cannot find module '../../../../purchases/_actions/purchase.action' or its corresponding type declarations.
app/(dashboard)/dashboard/accounts/vouchers/add/_components/receipt-payment-form.tsx(105,16): error TS2702: 'VoucherType' only refers to a type, but is being used as a namespace here.
app/(dashboard)/dashboard/accounts/vouchers/add/_components/receipt-payment-form.tsx(105,38): error TS2702: 'VoucherType' only refers to a type, but is being used as a namespace here.
app/(dashboard)/dashboard/accounts/vouchers/add/_components/receipt-payment-form.tsx(136,42): error TS7006: Parameter 'a' implicitly has an 'any' type.
app/(dashboard)/dashboard/accounts/vouchers/add/_components/receipt-payment-form.tsx(147,50): error TS7006: Parameter 'cb' implicitly has an 'any' type.
app/(dashboard)/dashboard/accounts/vouchers/add/_components/receipt-payment-form.tsx(154,50): error TS7006: Parameter 'cb' implicitly has an 'any' type.
app/(dashboard)/dashboard/accounts/vouchers/add/_components/receipt-payment-form.tsx(221,5): error TS2322: Type 'Resolver<{ date: string; lines: { chartOfAccountId: string; debitAmount?: number | undefined; creditAmount?: number | undefined; description?: string | undefined; }[]; description?: string | undefined; supplierId?: string | ... 1 more ... | undefined; clientId?: string | ... 1 more ... | undefined; }, any, { ...; }>' is not assignable to type 'Resolver<{ date: string; lines: { chartOfAccountId: string; debitAmount: number; creditAmount: number; description?: string | undefined; }[]; description?: string | undefined; supplierId?: string | null | undefined; clientId?: string | ... 1 more ... | undefined; }, any, { ...; }>'.
  Types of parameters 'options' and 'options' are incompatible.
    Type 'ResolverOptions<{ date: string; lines: { chartOfAccountId: string; debitAmount: number; creditAmount: number; description?: string | undefined; }[]; description?: string | undefined; supplierId?: string | null | undefined; clientId?: string | ... 1 more ... | undefined; }>' is not assignable to type 'ResolverOptions<{ date: string; lines: { chartOfAccountId: string; debitAmount?: number | undefined; creditAmount?: number | undefined; description?: string | undefined; }[]; description?: string | undefined; supplierId?: string | ... 1 more ... | undefined; clientId?: string | ... 1 more ... | undefined; }>'.
      Type '{ chartOfAccountId: string; debitAmount?: number | undefined; creditAmount?: number | undefined; description?: string | undefined; }[]' is not assignable to type '{ chartOfAccountId: string; debitAmount: number; creditAmount: number; description?: string | undefined; }[]'.
        Type '{ chartOfAccountId: string; debitAmount?: number | undefined; creditAmount?: number | undefined; description?: string | undefined; }' is not assignable to type '{ chartOfAccountId: string; debitAmount: number; creditAmount: number; description?: string | undefined; }'.
          Types of property 'debitAmount' are incompatible.
            Type 'number | undefined' is not assignable to type 'number'.
              Type 'undefined' is not assignable to type 'number'.
app/(dashboard)/dashboard/accounts/vouchers/add/_components/receipt-payment-form.tsx(363,38): error TS2345: Argument of type '(data: VoucherFormData) => Promise<void>' is not assignable to parameter of type 'SubmitHandler<TFieldValues>'.
  Types of parameters 'data' and 'data' are incompatible.
    Type 'TFieldValues' is not assignable to type '{ date: string; lines: { chartOfAccountId: string; debitAmount: number; creditAmount: number; description?: string | undefined; }[]; description?: string | undefined; supplierId?: string | null | undefined; clientId?: string | ... 1 more ... | undefined; }'.
      Type 'FieldValues' is missing the following properties from type '{ date: string; lines: { chartOfAccountId: string; debitAmount: number; creditAmount: number; description?: string | undefined; }[]; description?: string | undefined; supplierId?: string | null | undefined; clientId?: string | ... 1 more ... | undefined; }': date, lines
app/(dashboard)/dashboard/accounts/vouchers/add/_components/receipt-payment-form.tsx(565,47): error TS2339: Property 'setValue' does not exist on type 'Control<{ date: string; lines: { chartOfAccountId: string; debitAmount: number; creditAmount: number; description?: string | undefined; }[]; description?: string | undefined; supplierId?: string | null | undefined; clientId?: string | ... 1 more ... | undefined; }, any, TFieldValues>'.
app/(dashboard)/dashboard/accounts/vouchers/add/_components/receipt-payment-form.tsx(594,47): error TS2339: Property 'setValue' does not exist on type 'Control<{ date: string; lines: { chartOfAccountId: string; debitAmount: number; creditAmount: number; description?: string | undefined; }[]; description?: string | undefined; supplierId?: string | null | undefined; clientId?: string | ... 1 more ... | undefined; }, any, TFieldValues>'.
app/(dashboard)/dashboard/accounts/vouchers/add/_components/voucher-create-form.tsx(118,5): error TS2322: Type 'Resolver<{ date: string; lines: { chartOfAccountId: string; debitAmount?: number | undefined; creditAmount?: number | undefined; description?: string | undefined; }[]; description?: string | undefined; }, any, { ...; }>' is not assignable to type 'Resolver<{ date: string; lines: { chartOfAccountId: string; debitAmount: number; creditAmount: number; description?: string | undefined; }[]; description?: string | undefined; }, any, { date: string; lines: { ...; }[]; description?: string | undefined; }>'.
  Types of parameters 'options' and 'options' are incompatible.
    Type 'ResolverOptions<{ date: string; lines: { chartOfAccountId: string; debitAmount: number; creditAmount: number; description?: string | undefined; }[]; description?: string | undefined; }>' is not assignable to type 'ResolverOptions<{ date: string; lines: { chartOfAccountId: string; debitAmount?: number | undefined; creditAmount?: number | undefined; description?: string | undefined; }[]; description?: string | undefined; }>'.
      Type '{ chartOfAccountId: string; debitAmount?: number | undefined; creditAmount?: number | undefined; description?: string | undefined; }[]' is not assignable to type '{ chartOfAccountId: string; debitAmount: number; creditAmount: number; description?: string | undefined; }[]'.
        Type '{ chartOfAccountId: string; debitAmount?: number | undefined; creditAmount?: number | undefined; description?: string | undefined; }' is not assignable to type '{ chartOfAccountId: string; debitAmount: number; creditAmount: number; description?: string | undefined; }'.
          Types of property 'debitAmount' are incompatible.
            Type 'number | undefined' is not assignable to type 'number'.
              Type 'undefined' is not assignable to type 'number'.
app/(dashboard)/dashboard/accounts/vouchers/add/_components/voucher-create-form.tsx(211,38): error TS2345: Argument of type '(data: VoucherFormData) => Promise<void>' is not assignable to parameter of type 'SubmitHandler<TFieldValues>'.
  Types of parameters 'data' and 'data' are incompatible.
    Type 'TFieldValues' is not assignable to type '{ date: string; lines: { chartOfAccountId: string; debitAmount: number; creditAmount: number; description?: string | undefined; }[]; description?: string | undefined; }'.
      Type 'FieldValues' is missing the following properties from type '{ date: string; lines: { chartOfAccountId: string; debitAmount: number; creditAmount: number; description?: string | undefined; }[]; description?: string | undefined; }': date, lines
app/(dashboard)/dashboard/accounts/vouchers/add/_components/voucher-create-form.tsx(353,47): error TS2339: Property 'setValue' does not exist on type 'Control<{ date: string; lines: { chartOfAccountId: string; debitAmount: number; creditAmount: number; description?: string | undefined; }[]; description?: string | undefined; }, any, TFieldValues>'.
app/(dashboard)/dashboard/accounts/vouchers/add/_components/voucher-create-form.tsx(382,47): error TS2339: Property 'setValue' does not exist on type 'Control<{ date: string; lines: { chartOfAccountId: string; debitAmount: number; creditAmount: number; description?: string | undefined; }[]; description?: string | undefined; }, any, TFieldValues>'.
app/(dashboard)/dashboard/accounts/vouchers/journal/add/_components/journal-voucher-form.tsx(156,5): error TS2322: Type 'Resolver<{ date: string; description: string; lines: { chartOfAccountId: string; debitAmount?: number | undefined; creditAmount?: number | undefined; description?: string | undefined; }[]; reference?: string | undefined; }, any, { ...; }>' is not assignable to type 'Resolver<{ date: string; description: string; lines: { chartOfAccountId: string; debitAmount: number; creditAmount: number; description?: string | undefined; }[]; reference?: string | undefined; }, any, { ...; }>'.
  Types of parameters 'options' and 'options' are incompatible.
    Type 'ResolverOptions<{ date: string; description: string; lines: { chartOfAccountId: string; debitAmount: number; creditAmount: number; description?: string | undefined; }[]; reference?: string | undefined; }>' is not assignable to type 'ResolverOptions<{ date: string; description: string; lines: { chartOfAccountId: string; debitAmount?: number | undefined; creditAmount?: number | undefined; description?: string | undefined; }[]; reference?: string | undefined; }>'.
      Type '{ chartOfAccountId: string; debitAmount?: number | undefined; creditAmount?: number | undefined; description?: string | undefined; }[]' is not assignable to type '{ chartOfAccountId: string; debitAmount: number; creditAmount: number; description?: string | undefined; }[]'.
        Type '{ chartOfAccountId: string; debitAmount?: number | undefined; creditAmount?: number | undefined; description?: string | undefined; }' is not assignable to type '{ chartOfAccountId: string; debitAmount: number; creditAmount: number; description?: string | undefined; }'.
          Types of property 'debitAmount' are incompatible.
            Type 'number | undefined' is not assignable to type 'number'.
              Type 'undefined' is not assignable to type 'number'.
app/(dashboard)/dashboard/accounts/vouchers/journal/add/_components/journal-voucher-form.tsx(304,40): error TS2345: Argument of type '(data: JournalVoucherFormData) => Promise<void>' is not assignable to parameter of type 'SubmitHandler<TFieldValues>'.
  Types of parameters 'data' and 'data' are incompatible.
    Type 'TFieldValues' is not assignable to type '{ date: string; description: string; lines: { chartOfAccountId: string; debitAmount: number; creditAmount: number; description?: string | undefined; }[]; reference?: string | undefined; }'.
      Type 'FieldValues' is missing the following properties from type '{ date: string; description: string; lines: { chartOfAccountId: string; debitAmount: number; creditAmount: number; description?: string | undefined; }[]; reference?: string | undefined; }': date, description, lines
app/(dashboard)/dashboard/employees/_actions/employee.action.tsx(1090,9): error TS2561: Object literal may only specify known properties, but 'userId' does not exist in type 'EmployeeUpdateInput'. Did you mean to write 'user'?
app/(dashboard)/dashboard/employees/_actions/employee.action.tsx(1111,20): error TS2551: Property 'salaryPayableAccountId' does not exist on type 'EmployeeUpdateInput'. Did you mean 'salaryPayableAccount'?
app/(dashboard)/dashboard/employees/_actions/employee.action.tsx(1115,20): error TS2551: Property 'advanceAccountId' does not exist on type 'EmployeeUpdateInput'. Did you mean 'advanceAccount'?
app/(dashboard)/dashboard/employees/_components/employeeForm.tsx(65,3): error TS1117: An object literal cannot have multiple properties with the same name.
app/(dashboard)/dashboard/employees/_components/employeeForm.tsx(130,5): error TS2322: Type 'Resolver<{ name: string; phone: string; status: "active" | "inactive"; email?: string | undefined; designation?: string | undefined; department?: string | undefined; salary?: unknown; joiningDate?: string | undefined; ... 10 more ...; shiftId?: string | undefined; }, any, { ...; }>' is not assignable to type 'Resolver<{ name: string; phone: string; status: "active" | "inactive"; email?: string | undefined; designation?: string | undefined; department?: string | undefined; salary?: number | undefined; ... 11 more ...; shiftId?: string | undefined; }, any, { ...; }>'.
  Types of parameters 'options' and 'options' are incompatible.
    Type 'ResolverOptions<{ name: string; phone: string; status: "active" | "inactive"; email?: string | undefined; designation?: string | undefined; department?: string | undefined; salary?: number | undefined; ... 11 more ...; shiftId?: string | undefined; }>' is not assignable to type 'ResolverOptions<{ name: string; phone: string; status: "active" | "inactive"; email?: string | undefined; designation?: string | undefined; department?: string | undefined; salary?: unknown; joiningDate?: string | undefined; ... 10 more ...; shiftId?: string | undefined; }>'.
      Types of property 'names' are incompatible.
        Type 'string[] | undefined' is not assignable to type '("name" | "type" | "status" | "email" | "warehouseId" | "shiftId" | "phone" | "address" | "dateOfBirth" | "department" | "designation" | "emergencyContact" | "gender" | "joiningDate" | ... 4 more ... | "nominee")[] | undefined'.
          Type 'string[]' is not assignable to type '("name" | "type" | "status" | "email" | "warehouseId" | "shiftId" | "phone" | "address" | "dateOfBirth" | "department" | "designation" | "emergencyContact" | "gender" | "joiningDate" | ... 4 more ... | "nominee")[]'.
            Type 'string' is not assignable to type '"name" | "type" | "status" | "email" | "warehouseId" | "shiftId" | "phone" | "address" | "dateOfBirth" | "department" | "designation" | "emergencyContact" | "gender" | "joiningDate" | ... 4 more ... | "nominee"'.
app/(dashboard)/dashboard/employees/_components/employeeForm.tsx(166,42): error TS2339: Property 'biometricDeviceId' does not exist on type '{ id: string; name: string; employeeCode: string | null; email: string | null; phone: string | null; userId: string | null; user: { id: string; name: string | null; email: string; } | null; ... 18 more ...; updatedAt: Date; }'.
app/(dashboard)/dashboard/employees/_components/employeeForm.tsx(319,40): error TS2345: Argument of type '(data: EmployeeFormData) => Promise<void>' is not assignable to parameter of type 'SubmitHandler<TFieldValues>'.
  Types of parameters 'data' and 'data' are incompatible.
    Type 'TFieldValues' is not assignable to type '{ name: string; phone: string; status: "active" | "inactive"; email?: string | undefined; designation?: string | undefined; department?: string | undefined; salary?: number | undefined; ... 11 more ...; shiftId?: string | undefined; }'.
      Type 'FieldValues' is missing the following properties from type '{ name: string; phone: string; status: "active" | "inactive"; email?: string | undefined; designation?: string | undefined; department?: string | undefined; salary?: number | undefined; ... 11 more ...; shiftId?: string | undefined; }': name, phone, status
app/(dashboard)/dashboard/employees/details/page.tsx(211,63): error TS2339: Property 'street' does not exist on type 'string | number | boolean | JsonObject | JsonArray'.
  Property 'street' does not exist on type 'string'.
app/(dashboard)/dashboard/employees/details/page.tsx(216,43): error TS2339: Property 'city' does not exist on type 'string | number | boolean | JsonObject | JsonArray'.
  Property 'city' does not exist on type 'string'.
app/(dashboard)/dashboard/employees/details/page.tsx(216,67): error TS2339: Property 'state' does not exist on type 'string | number | boolean | JsonObject | JsonArray'.
  Property 'state' does not exist on type 'string'.
app/(dashboard)/dashboard/employees/details/page.tsx(216,92): error TS2339: Property 'zipCode' does not exist on type 'string | number | boolean | JsonObject | JsonArray'.
  Property 'zipCode' does not exist on type 'string'.
app/(dashboard)/dashboard/employees/details/page.tsx(216,119): error TS2339: Property 'country' does not exist on type 'string | number | boolean | JsonObject | JsonArray'.
  Property 'country' does not exist on type 'string'.
app/(dashboard)/dashboard/employees/details/page.tsx(233,84): error TS2339: Property 'name' does not exist on type 'string | number | boolean | JsonObject | JsonArray'.
  Property 'name' does not exist on type 'string'.
app/(dashboard)/dashboard/employees/details/page.tsx(237,72): error TS2339: Property 'relation' does not exist on type 'string | number | boolean | JsonObject | JsonArray'.
  Property 'relation' does not exist on type 'string'.
app/(dashboard)/dashboard/employees/details/page.tsx(241,72): error TS2339: Property 'phone' does not exist on type 'string | number | boolean | JsonObject | JsonArray'.
  Property 'phone' does not exist on type 'string'.
app/(dashboard)/dashboard/files/page.tsx(923,16): error TS2322: Type 'import("/Users/manishankarvakta/Desktop/APPS/ffERP/startup-mvp/hooks/use-toast").Toast[]' is not assignable to type 'import("/Users/manishankarvakta/Desktop/APPS/ffERP/startup-mvp/components/ui/toast").Toast[]'.
  Type 'import("/Users/manishankarvakta/Desktop/APPS/ffERP/startup-mvp/hooks/use-toast").Toast' is not assignable to type 'import("/Users/manishankarvakta/Desktop/APPS/ffERP/startup-mvp/components/ui/toast").Toast'.
    Types of property 'duration' are incompatible.
      Type 'number | null | undefined' is not assignable to type 'number | undefined'.
        Type 'null' is not assignable to type 'number | undefined'.
app/(dashboard)/dashboard/hr/attendance/_actions/attendance.action.ts(34,9): error TS2322: Type '"MANUAL" | "BIOMETRIC" | "APP"' is not assignable to type 'AttendanceSource'.
  Type '"APP"' is not assignable to type 'AttendanceSource'.
app/(dashboard)/dashboard/hr/attendance/_actions/attendance.action.ts(110,48): error TS2345: Argument of type 'string' is not assignable to parameter of type 'Date'.
app/(dashboard)/dashboard/hr/attendance/_actions/attendance.action.ts(113,20): error TS2554: Expected 3 arguments, but got 2.
app/(dashboard)/dashboard/hr/attendance/_actions/biometric.action.ts(122,29): error TS2345: Argument of type 'number | "4370"' is not assignable to parameter of type 'string'.
  Type 'number' is not assignable to type 'string'.
app/(dashboard)/dashboard/hr/attendance/_components/attendance-list.tsx(132,21): error TS2345: Argument of type '{ page: number; limit: number; fromDate: string; toDate: string; }' is not assignable to parameter of type 'SetStateAction<{ page: number; limit: number; search: string; warehouseId: string; deviceId: string; employeeId: string; fromDate: string; toDate: string; status: string; }>'.
  Type '{ page: number; limit: number; fromDate: string; toDate: string; }' is missing the following properties from type '{ page: number; limit: number; search: string; warehouseId: string; deviceId: string; employeeId: string; fromDate: string; toDate: string; status: string; }': search, warehouseId, deviceId, employeeId, status
app/(dashboard)/dashboard/hr/attendance/_components/biometric-sync-button.tsx(27,44): error TS2339: Property 'processedCount' does not exist on type '{ success: boolean; error: string; message?: undefined; } | { success: boolean; message: string; error?: undefined; }'.
  Property 'processedCount' does not exist on type '{ success: boolean; error: string; message?: undefined; }'.
app/(dashboard)/dashboard/hr/biometric/devices/[id]/page.tsx(76,72): error TS2339: Property 'commands' does not exist on type '{ success: boolean; error: string; userId?: undefined; } | { success: boolean; userId: string; error?: undefined; } | { success: boolean; commands: ({ requestedBy: { name: string | null; } | null; } & { ...; })[]; error?: undefined; } | { ...; }'.
  Property 'commands' does not exist on type '{ success: boolean; error: string; userId?: undefined; }'.
app/(dashboard)/dashboard/hr/biometric/devices/[id]/page.tsx(119,58): error TS2322: Type '{ children: Element; permissionKey: string; showFallback: boolean; }' is not assignable to type 'IntrinsicAttributes & PageGuardProps'.
  Property 'showFallback' does not exist on type 'IntrinsicAttributes & PageGuardProps'. Did you mean 'fallback'?
app/(dashboard)/dashboard/hr/biometric/devices/[id]/page.tsx(156,58): error TS2322: Type '{ children: Element; permissionKey: string; showFallback: boolean; }' is not assignable to type 'IntrinsicAttributes & PageGuardProps'.
  Property 'showFallback' does not exist on type 'IntrinsicAttributes & PageGuardProps'. Did you mean 'fallback'?
app/(dashboard)/dashboard/hr/biometric/devices/_actions/device-sync.action.ts(16,28): error TS2554: Expected 3 arguments, but got 2.
app/(dashboard)/dashboard/hr/biometric/devices/_components/device-form.tsx(41,5): error TS2322: Type 'Resolver<{ name: string; serialNumber: string; ipAddress?: string | undefined; port?: unknown; location?: string | undefined; deviceType?: string | undefined; connectionMode?: string | undefined; isActive?: boolean | undefined; warehouseId?: string | undefined; }, any, { ...; }>' is not assignable to type 'Resolver<{ name: string; serialNumber: string; deviceType: string; connectionMode: string; isActive: boolean; ipAddress?: string | undefined; port?: number | undefined; location?: string | undefined; warehouseId?: string | undefined; }, any, { ...; }>'.
  Types of parameters 'options' and 'options' are incompatible.
    Type 'ResolverOptions<{ name: string; serialNumber: string; deviceType: string; connectionMode: string; isActive: boolean; ipAddress?: string | undefined; port?: number | undefined; location?: string | undefined; warehouseId?: string | undefined; }>' is not assignable to type 'ResolverOptions<{ name: string; serialNumber: string; ipAddress?: string | undefined; port?: unknown; location?: string | undefined; deviceType?: string | undefined; connectionMode?: string | undefined; isActive?: boolean | undefined; warehouseId?: string | undefined; }>'.
      Type 'string | undefined' is not assignable to type 'string'.
        Type 'undefined' is not assignable to type 'string'.
app/(dashboard)/dashboard/hr/biometric/devices/_components/device-form.tsx(124,38): error TS2345: Argument of type '(data: BiometricDeviceFormData) => Promise<void>' is not assignable to parameter of type 'SubmitHandler<TFieldValues>'.
  Types of parameters 'data' and 'data' are incompatible.
    Type 'TFieldValues' is not assignable to type '{ name: string; serialNumber: string; deviceType: string; connectionMode: string; isActive: boolean; ipAddress?: string | undefined; port?: number | undefined; location?: string | undefined; warehouseId?: string | undefined; }'.
      Type 'FieldValues' is missing the following properties from type '{ name: string; serialNumber: string; deviceType: string; connectionMode: string; isActive: boolean; ipAddress?: string | undefined; port?: number | undefined; location?: string | undefined; warehouseId?: string | undefined; }': name, serialNumber, deviceType, connectionMode, isActive
app/(dashboard)/dashboard/hr/biometric/devices/_components/devices-list.tsx(121,31): error TS2339: Property 'message' does not exist on type '{ success: boolean; userId: string; error?: undefined; } | { success: boolean; isOnline: boolean; lastPingAt: Date | null; message: string; error?: undefined; } | { success: boolean; error: any; isOnline?: undefined; lastPingAt?: undefined; message?: undefined; }'.
  Property 'message' does not exist on type '{ success: boolean; userId: string; error?: undefined; }'.
app/(dashboard)/dashboard/hr/biometric/devices/page.tsx(98,17): error TS2353: Object literal may only specify known properties, and 'view' does not exist in type '{ manage: boolean; }'.
app/(dashboard)/dashboard/hr/biometric/mapping/_components/mapping-list.tsx(106,5): error TS2322: Type 'Resolver<{ employeeId: string; deviceId: string; deviceUserId: string; isActive?: boolean | undefined; }, any, { employeeId: string; deviceId: string; deviceUserId: string; isActive: boolean; }>' is not assignable to type 'Resolver<{ employeeId: string; deviceId: string; deviceUserId: string; isActive: boolean; }, any, { employeeId: string; deviceId: string; deviceUserId: string; isActive: boolean; }>'.
  Types of parameters 'options' and 'options' are incompatible.
    Type 'ResolverOptions<{ employeeId: string; deviceId: string; deviceUserId: string; isActive: boolean; }>' is not assignable to type 'ResolverOptions<{ employeeId: string; deviceId: string; deviceUserId: string; isActive?: boolean | undefined; }>'.
      Type 'boolean | undefined' is not assignable to type 'boolean'.
        Type 'undefined' is not assignable to type 'boolean'.
app/(dashboard)/dashboard/hr/biometric/mapping/_components/mapping-list.tsx(327,45): error TS2345: Argument of type '(data: EmployeeDeviceMappingFormData) => Promise<void>' is not assignable to parameter of type 'SubmitHandler<TFieldValues>'.
  Types of parameters 'data' and 'data' are incompatible.
    Type 'TFieldValues' is not assignable to type '{ employeeId: string; deviceId: string; deviceUserId: string; isActive: boolean; }'.
      Type 'FieldValues' is missing the following properties from type '{ employeeId: string; deviceId: string; deviceUserId: string; isActive: boolean; }': employeeId, deviceId, deviceUserId, isActive
app/(dashboard)/dashboard/hr/holidays/_actions/holiday.action.ts(232,66): error TS2345: Argument of type 'string' is not assignable to parameter of type 'string[]'.
app/(dashboard)/dashboard/hr/leave/_actions/leave-application.action.ts(232,40): error TS2554: Expected 3 arguments, but got 2.
app/(dashboard)/dashboard/hr/leave/_actions/leave-application.action.ts(235,48): error TS2345: Argument of type 'string' is not assignable to parameter of type 'Date'.
app/(dashboard)/dashboard/hr/leave/_actions/leave-application.action.ts(316,83): error TS2345: Argument of type 'string' is not assignable to parameter of type 'string[]'.
app/(dashboard)/dashboard/hr/leave/page.tsx(95,13): error TS2322: Type 'never[] | ({ leaveType: { id: string; name: string; isPaid: boolean; }; employee: { id: string; name: string; employeeCode: string | null; designation: string | null; }; hr: { id: string; name: string | null; } | null; manager: { ...; } | null; } & { ...; })[]' is not assignable to type 'LeaveApplication[]'.
  Type '({ leaveType: { id: string; name: string; isPaid: boolean; }; employee: { id: string; name: string; employeeCode: string | null; designation: string | null; }; hr: { id: string; name: string | null; } | null; manager: { ...; } | null; } & { ...; })[]' is not assignable to type 'LeaveApplication[]'.
    Type '{ leaveType: { id: string; name: string; isPaid: boolean; }; employee: { id: string; name: string; employeeCode: string | null; designation: string | null; }; hr: { id: string; name: string | null; } | null; manager: { ...; } | null; } & { ...; }' is not assignable to type 'LeaveApplication'.
      Types of property 'manager' are incompatible.
        Type '{ id: string; name: string | null; } | null' is not assignable to type '{ id: string; name: string; } | null'.
          Type '{ id: string; name: string | null; }' is not assignable to type '{ id: string; name: string; }'.
            Types of property 'name' are incompatible.
              Type 'string | null' is not assignable to type 'string'.
                Type 'null' is not assignable to type 'string'.
app/(dashboard)/dashboard/hr/leave/types/_actions/leave-type.action.ts(147,70): error TS2345: Argument of type 'string' is not assignable to parameter of type 'string[]'.
app/(dashboard)/dashboard/hr/leave/types/_components/leave-type-form.tsx(59,5): error TS2322: Type 'Resolver<{ name: string; category: "CASUAL" | "SICK" | "ANNUAL" | "MATERNITY" | "UNPAID" | "OTHER"; defaultDays: unknown; isPaid: "true" | "false"; status: "active" | "inactive"; }, any, { name: string; category: "CASUAL" | ... 4 more ... | "OTHER"; defaultDays: number; isPaid: "true" | "false"; status: "active" | "...' is not assignable to type 'Resolver<{ name: string; category: "CASUAL" | "SICK" | "ANNUAL" | "MATERNITY" | "UNPAID" | "OTHER"; defaultDays: number; isPaid: "true" | "false"; status: "active" | "inactive"; }, any, { ...; }>'.
  Types of parameters 'options' and 'options' are incompatible.
    Type 'ResolverOptions<{ name: string; category: "CASUAL" | "SICK" | "ANNUAL" | "MATERNITY" | "UNPAID" | "OTHER"; defaultDays: number; isPaid: "true" | "false"; status: "active" | "inactive"; }>' is not assignable to type 'ResolverOptions<{ name: string; category: "CASUAL" | "SICK" | "ANNUAL" | "MATERNITY" | "UNPAID" | "OTHER"; defaultDays: unknown; isPaid: "true" | "false"; status: "active" | "inactive"; }>'.
      Type 'unknown' is not assignable to type 'number'.
app/(dashboard)/dashboard/hr/leave/types/_components/leave-type-form.tsx(136,40): error TS2345: Argument of type '(data: LeaveTypeFormData) => Promise<void>' is not assignable to parameter of type 'SubmitHandler<TFieldValues>'.
  Types of parameters 'data' and 'data' are incompatible.
    Type 'TFieldValues' is not assignable to type '{ name: string; category: "CASUAL" | "SICK" | "ANNUAL" | "MATERNITY" | "UNPAID" | "OTHER"; defaultDays: number; isPaid: "true" | "false"; status: "active" | "inactive"; }'.
      Type 'FieldValues' is missing the following properties from type '{ name: string; category: "CASUAL" | "SICK" | "ANNUAL" | "MATERNITY" | "UNPAID" | "OTHER"; defaultDays: number; isPaid: "true" | "false"; status: "active" | "inactive"; }': name, category, defaultDays, isPaid, status
app/(dashboard)/dashboard/hr/loans/_actions/loan.action.ts(144,69): error TS2345: Argument of type 'string' is not assignable to parameter of type 'string[]'.
app/(dashboard)/dashboard/hr/loans/page.tsx(45,51): error TS18048: 'loans' is possibly 'undefined'.
app/(dashboard)/dashboard/hr/loans/page.tsx(53,19): error TS2322: Type '({ employee: { id: string; name: string; employeeCode: string | null; }; } & { id: string; createdAt: Date; updatedAt: Date; status: LoanStatus; createdBy: string; voucherId: string | null; ... 7 more ...; approvedBy: string | null; })[] | undefined' is not assignable to type 'any[]'.
  Type 'undefined' is not assignable to type 'any[]'.
app/(dashboard)/dashboard/hr/payroll/[id]/export/route.ts(100,19): error TS7022: 'items' implicitly has type 'any' because it does not have a type annotation and is referenced directly or indirectly in its own initializer.
app/(dashboard)/dashboard/hr/payroll/[id]/export/route.ts(110,21): error TS2322: Type '{ select: { name: true; }; }' is not assignable to type 'boolean | undefined'.
app/(dashboard)/dashboard/hr/payroll/[id]/export/route.ts(123,39): error TS7006: Parameter 'item' implicitly has an 'any' type.
app/(dashboard)/dashboard/hr/payroll/[id]/page.tsx(25,50): error TS2345: Argument of type '"post"' is not assignable to parameter of type 'Operation'.
app/(dashboard)/dashboard/hr/payroll/[id]/payslips/[itemId]/page.tsx(41,11): error TS2353: Object literal may only specify known properties, and 'department' does not exist in type 'EmployeeInclude<DefaultArgs>'.
app/(dashboard)/dashboard/hr/payroll/[id]/payslips/[itemId]/page.tsx(52,42): error TS2551: Property 'payroll' does not exist on type '{ id: string; createdAt: Date; updatedAt: Date; status: string; employeeId: string; basic: Decimal; payrollId: string; houseRent: Decimal; medical: Decimal; ... 10 more ...; netPay: Decimal; }'. Did you mean 'payrollId'?
app/(dashboard)/dashboard/hr/payroll/[id]/payslips/[itemId]/page.tsx(52,68): error TS2551: Property 'payroll' does not exist on type '{ id: string; createdAt: Date; updatedAt: Date; status: string; employeeId: string; basic: Decimal; payrollId: string; houseRent: Decimal; medical: Decimal; ... 10 more ...; netPay: Decimal; }'. Did you mean 'payrollId'?
app/(dashboard)/dashboard/hr/payroll/[id]/payslips/[itemId]/page.tsx(53,40): error TS2551: Property 'payroll' does not exist on type '{ id: string; createdAt: Date; updatedAt: Date; status: string; employeeId: string; basic: Decimal; payrollId: string; houseRent: Decimal; medical: Decimal; ... 10 more ...; netPay: Decimal; }'. Did you mean 'payrollId'?
app/(dashboard)/dashboard/hr/payroll/[id]/payslips/[itemId]/page.tsx(53,66): error TS2551: Property 'payroll' does not exist on type '{ id: string; createdAt: Date; updatedAt: Date; status: string; employeeId: string; basic: Decimal; payrollId: string; houseRent: Decimal; medical: Decimal; ... 10 more ...; netPay: Decimal; }'. Did you mean 'payrollId'?
app/(dashboard)/dashboard/hr/payroll/page.tsx(100,15): error TS2322: Type 'never[] | { totalAmount: number; _count: { items: number; }; creator: { name: string | null; }; id: string; createdAt: Date; updatedAt: Date; status: PayrollStatus; ... 9 more ...; paymentVchId: string | null; }[]' is not assignable to type 'Payroll[]'.
  Type '{ totalAmount: number; _count: { items: number; }; creator: { name: string | null; }; id: string; createdAt: Date; updatedAt: Date; status: PayrollStatus; createdBy: string; ... 8 more ...; paymentVchId: string | null; }[]' is not assignable to type 'Payroll[]'.
    Type '{ totalAmount: number; _count: { items: number; }; creator: { name: string | null; }; id: string; createdAt: Date; updatedAt: Date; status: $Enums.PayrollStatus; ... 9 more ...; paymentVchId: string | null; }' is not assignable to type 'Payroll'.
      The types of 'creator.name' are incompatible between these types.
        Type 'string | null' is not assignable to type 'string'.
          Type 'null' is not assignable to type 'string'.
app/(dashboard)/dashboard/hr/shifts/_actions/shift.action.ts(166,62): error TS2345: Argument of type 'string' is not assignable to parameter of type 'string[]'.
app/(dashboard)/dashboard/hr/shifts/_components/shiftForm.tsx(66,5): error TS2322: Type 'Resolver<{ name: string; startTime: string; endTime: string; graceMinutes: unknown; lateAfter: unknown; halfDayAfter: unknown; otStartAfter: unknown; status: "active" | "inactive"; }, any, { name: string; startTime: string; endTime: string; ... 4 more ...; status: "active" | "inactive"; }>' is not assignable to type 'Resolver<{ name: string; startTime: string; endTime: string; graceMinutes: number; lateAfter: number; halfDayAfter: number; otStartAfter: number; status: "active" | "inactive"; }, any, { name: string; ... 6 more ...; status: "active" | "inactive"; }>'.
  Types of parameters 'options' and 'options' are incompatible.
    Type 'ResolverOptions<{ name: string; startTime: string; endTime: string; graceMinutes: number; lateAfter: number; halfDayAfter: number; otStartAfter: number; status: "active" | "inactive"; }>' is not assignable to type 'ResolverOptions<{ name: string; startTime: string; endTime: string; graceMinutes: unknown; lateAfter: unknown; halfDayAfter: unknown; otStartAfter: unknown; status: "active" | "inactive"; }>'.
      Type 'unknown' is not assignable to type 'number'.
app/(dashboard)/dashboard/hr/shifts/_components/shiftForm.tsx(151,40): error TS2345: Argument of type '(data: ShiftFormData) => Promise<void>' is not assignable to parameter of type 'SubmitHandler<TFieldValues>'.
  Types of parameters 'data' and 'data' are incompatible.
    Type 'TFieldValues' is not assignable to type '{ name: string; startTime: string; endTime: string; graceMinutes: number; lateAfter: number; halfDayAfter: number; otStartAfter: number; status: "active" | "inactive"; }'.
      Type 'FieldValues' is missing the following properties from type '{ name: string; startTime: string; endTime: string; graceMinutes: number; lateAfter: number; halfDayAfter: number; otStartAfter: number; status: "active" | "inactive"; }': name, startTime, endTime, graceMinutes, and 4 more.
app/(dashboard)/dashboard/inventory/adjustments/page.tsx(42,5): error TS2322: Type 'string | null | undefined' is not assignable to type 'string | undefined'.
  Type 'null' is not assignable to type 'string | undefined'.
app/(dashboard)/dashboard/inventory/damage/_actions/damage.action.ts(247,66): error TS2345: Argument of type 'string' is not assignable to parameter of type 'string[]'.
app/(dashboard)/dashboard/inventory/damage/_actions/damage.action.ts(377,73): error TS2345: Argument of type 'string' is not assignable to parameter of type 'string[]'.
app/(dashboard)/dashboard/inventory/damage/_actions/damage.action.ts(401,73): error TS2345: Argument of type 'string' is not assignable to parameter of type 'string[]'.
app/(dashboard)/dashboard/inventory/damage/_actions/damage.action.ts(421,73): error TS2345: Argument of type 'string' is not assignable to parameter of type 'string[]'.
app/(dashboard)/dashboard/inventory/damage/_actions/damage.action.ts(448,73): error TS2345: Argument of type 'string' is not assignable to parameter of type 'string[]'.
app/(dashboard)/dashboard/inventory/stock/ledger/page.tsx(102,11): error TS2322: Type 'never[] | { quantity: number; rate: number | null; variant: { costPrice: number | null; salesPrice: number | null; wholesalePrice: number | null; wholesaleDiscountAmount: number | null; ... 9 more ...; color: string; } | null; ... 12 more ...; referenceId: string | null; }[]' is not assignable to type 'StockLedgerEntry[]'.
  Type '{ quantity: number; rate: number | null; variant: { costPrice: number | null; salesPrice: number | null; wholesalePrice: number | null; wholesaleDiscountAmount: number | null; item: { ...; }; ... 8 more ...; color: string; } | null; ... 12 more ...; referenceId: string | null; }[]' is not assignable to type 'StockLedgerEntry[]'.
    Type '{ quantity: number; rate: number | null; variant: { costPrice: number | null; salesPrice: number | null; wholesalePrice: number | null; wholesaleDiscountAmount: number | null; item: { ...; }; ... 8 more ...; color: string; } | null; ... 12 more ...; referenceId: string | null; }' is not assignable to type 'StockLedgerEntry'.
      Types of property 'itemId' are incompatible.
        Type 'string | null' is not assignable to type 'string'.
          Type 'null' is not assignable to type 'string'.
app/(dashboard)/dashboard/inventory/stock/page.tsx(105,11): error TS2322: Type 'never[] | { quantity: number; reservedQuantity: number; item: { id: string; name: string; code: string; images: JsonValue | undefined; featuredImage: string | null | undefined; unit: { ...; }; variant: { ...; } | null; }; ... 8 more ...; lastUpdated: Date; }[]' is not assignable to type 'Stock[]'.
  Type '{ quantity: number; reservedQuantity: number; item: { id: string; name: string; code: string; images: JsonValue | undefined; featuredImage: string | null | undefined; unit: { symbol: string; }; variant: { ...; } | null; }; ... 8 more ...; lastUpdated: Date; }[]' is not assignable to type 'Stock[]'.
    Type '{ quantity: number; reservedQuantity: number; item: { id: string; name: string; code: string; images: Prisma.JsonValue | undefined; featuredImage: string | null | undefined; unit: { ...; }; variant: { ...; } | null; }; ... 8 more ...; lastUpdated: Date; }' is not assignable to type 'Stock'.
      Types of property 'itemId' are incompatible.
        Type 'string | null' is not assignable to type 'string'.
          Type 'null' is not assignable to type 'string'.
app/(dashboard)/dashboard/master/items/[id]/edit/page.tsx(30,11): error TS2741: Property 'wholesaleDiscountAmount' is missing in type '{ id: string; code: string; name: string; description: string | null; itemType: $Enums.ItemType; categoryId: string | null; unitId: string; costPrice: number; salesPrice: number | null; ... 12 more ...; variants: { ...; }[]; }' but required in type '{ id: string; code: string; name: string; description: string | null; itemType: ItemType; categoryId: string | null; unitId: string; costPrice: number; salesPrice: number | null; ... 13 more ...; variants?: { ...; }[] | undefined; }'.
